// Jest Snapshot v1, https://goo.gl/fbAQLP

exports[`Search renders without errors and matches snapshot 1`] = `
<div
  class="sc-bdfBwQ hraWbH"
>
  <label
    class="sc-gsTCUz kHQInC"
    for=""
  >
    Search
  </label>
  <div
    class="sc-dlfnbm bgknId"
  >
    <input
      class="sc-hKgILt gSVQYD"
      data-testid="search-field"
      id=""
      maxlength="150"
      name=""
      placeholder="Search"
      type="search"
      value="Hello"
    />
    <div
      class="sc-eCssSg glznXJ"
    >
      <img
        alt="clear-icon"
        class="sc-jSgupP bkYiH"
        data-testid="search-icon"
        src="close.svg"
      />
    </div>
  </div>
</div>
`;
