// Jest Snapshot v1, https://goo.gl/fbAQLP

exports[`Modal renders without errors and matches snapshot 1`] = `
<div
  class="sc-hKgILt fxcgbq"
>
  <div
    class="sc-eCssSg csSjiv"
    id=""
  >
    <header
      class="sc-jSgupP jGwFzW"
    >
      <h2
        class="sc-gKsewC bzTBPu"
      >
        Modal header
      </h2>
      <button
        aria-label="close modal"
        class="sc-bdfBwQ fgPrFZ sc-iBPRYJ GQnYG"
        id=""
        type="button"
      >
        <img
          alt=""
          class="sc-dlfnbm kQHvsZ"
          data-testid="button-icon"
          label=""
          src="close.svg"
        />
        
      </button>
    </header>
    <main>
      <p
        class="sc-fubCfw fakmmR"
      >
        Content
      </p>
    </main>
    <footer
      class="sc-pFZIQ ecpCCv"
    >
      <button
        class="sc-bdfBwQ gCYgcM sc-jrAGrp jdvazB"
        id=""
        type="button"
      >
        
        <span
          class="sc-gsTCUz gffxlH"
        >
          ok
        </span>
      </button>
    </footer>
  </div>
</div>
`;
