// Jest Snapshot v1, https://goo.gl/fbAQLP

exports[`Modal renders without errors and matches snapshot 1`] = `
<div
  class="sc-hKgILt BfdIb"
>
  <div
    class="sc-eCssSg fOkKDZ"
  >
    <div
      class="sc-jSgupP fOdieB"
      id=""
    >
      <header
        class="sc-gKsewC jppDwJ"
      >
        <h2
          class="sc-iBPRYJ bojrUK"
        >
          Modal header
        </h2>
        <button
          aria-label="close modal"
          class="sc-bdfBwQ iRImph sc-fubCfw IjQKX"
          id=""
          type="button"
        >
          <img
            alt=""
            class="sc-dlfnbm kQHvsZ"
            data-testid="button-icon"
            label=""
            src="close.svg"
          />
          
        </button>
      </header>
      <main>
        <p
          class="sc-pFZIQ bkBhtP"
        >
          Content header
        </p>
      </main>
      <footer
        class="sc-jrAGrp jXkypb"
      >
        <button
          class="sc-bdfBwQ sMlFw sc-kEjbxe dzDLLu"
          id=""
          type="button"
        >
          
          <span
            class="sc-gsTCUz WUuCA"
          >
            ok
          </span>
        </button>
      </footer>
    </div>
  </div>
</div>
`;
