// Jest Snapshot v1, https://goo.gl/fbAQLP

exports[`Dropdown renders without errors and matches snapshot 1`] = `
<div
  class="sc-bdfBwQ gmhHJm"
>
  <div
    class="sc-gsTCUz hLxDNj"
  >
    <select
      aria-label="Select "
      class="sc-hKgILt hxRLa-D"
      name=""
    >
      <option
        class="sc-eCssSg kgbcsp"
        hidden=""
        value=""
      >
        select an option
      </option>
      <option
        class="sc-eCssSg kgbcsp"
        value="option 1"
      >
        option 1
      </option>
      <option
        class="sc-eCssSg kgbcsp"
        value="option 2"
      >
        option 2
      </option>
      <option
        class="sc-eCssSg kgbcsp"
        value="option 3"
      >
        option 3
      </option>
    </select>
  </div>
</div>
`;
