// Jest Snapshot v1, https://goo.gl/fbAQLP

exports[`ToggleSwitch renders without errors and matches snapshot 1`] = `
<label
  class="sc-bdfBwQ LpMpT"
>
  <input
    class="sc-hKgILt jZJSDB"
    name=""
    type="checkbox"
  />
  <span
    class="sc-dlfnbm gaORok"
    data-testid="toggle-slider"
    label=""
  >
    <span
      class="sc-gsTCUz eFFOmb"
    />
    <span
      class="sc-gsTCUz eFFOmb"
    >
      on
    </span>
  </span>
</label>
`;
