// Jest Snapshot v1, https://goo.gl/fbAQLP

exports[`Tabs renders without errors and matches snapshot 1`] = `
<div
  class="sc-gsTCUz bGRYEi"
  id=""
>
  <div
    class="sc-dlfnbm cHVBSC"
  >
    <ul
      aria-label="Select "
      class="sc-hKgILt dHFEmC"
      role="tablist"
    >
      <li
        aria-selected="true"
        class="sc-bdfBwQ csIuzl"
        id=""
        role="tab"
        tabindex="0"
      >
        Tab 1
      </li>
      <li
        aria-selected="false"
        class="sc-bdfBwQ dElXjk"
        id=""
        role="tab"
        tabindex="0"
      >
        Tab 2
      </li>
    </ul>
  </div>
  <div
    aria-labelledby="Tab 1"
    class="sc-eCssSg"
    role="tabpanel"
  >
    <div
      class="sc-jSgupP wnDln"
    />
    <div>
      Tab 1 content
    </div>
  </div>
</div>
`;
