// Jest Snapshot v1, https://goo.gl/fbAQLP

exports[`Toast renders without errors and matches snapshot 1`] = `
<div
  class="sc-hKgILt eKnoHb"
  id=""
  type="info"
>
  <button
    aria-label="close toast"
    class="sc-bdfBwQ gCYgcM sc-eCssSg iMrxuC"
    id=""
    type="button"
  >
    <img
      alt=""
      class="sc-dlfnbm kQHvsZ"
      data-testid="button-icon"
      label=""
      src="close-white.svg"
    />
    
  </button>
  <div
    class="sc-iBPRYJ DmnJc"
  >
    <img
      alt="info.svg icon"
      class="sc-jSgupP kBWXkU"
      src="info.svg"
    />
    <div
      class="sc-gKsewC fhZxet"
      type="info"
    >
      info toast
    </div>
  </div>
</div>
`;
