// Jest Snapshot v1, https://goo.gl/fbAQLP

exports[`Toast renders without errors and matches snapshot 1`] = `
<div
  class="sc-hKgILt cRTYxH"
  id=""
  type="info"
>
  <button
    class="sc-bdfBwQ kNApjs sc-eCssSg hrInoB"
    id=""
    type="button"
  >
    <img
      alt=""
      class="sc-dlfnbm kQHvsZ"
      data-testid="button-icon"
      label=""
      src="close.svg"
    />
    
  </button>
  <img
    alt="info.svg icon"
    class="sc-jSgupP kbWecE"
    src="info.svg"
  />
  <div
    class="sc-gKsewC eEKOfY"
    type="info"
  >
    info toast
  </div>
</div>
`;
