// Jest Snapshot v1, https://goo.gl/fbAQLP

exports[`RadioButton renders without errors and matches snapshot 1`] = `
<label
  aria-checked="false"
  class="sc-bdfBwQ ivjLLh"
>
  <input
    class="sc-dlfnbm ccvpOj"
    data-testid="radio-button"
    name=""
    role="radio"
    type="radio"
    value=""
  />
  <span
    class="sc-gsTCUz uaMDM"
  />
  option 1
</label>
`;
